// Jest Snapshot v1, https://goo.gl/fbAQLP

exports[`Cart.vue renders cart contents 1`] = `
<div>
  <h1><i icon="shopping-cart"></i> &nbsp; Shopping Cart
  </h1> <br>
  <!---->
  <!---->
  <table role="table" aria-busy="false" aria-colcount="3" class="table b-table table-striped table-hover" id="__BVID__26">
    <!---->
    <!---->
    <thead role="rowgroup" class="">
      <!---->
      <tr role="row" class="">
        <th role="columnheader" scope="col" aria-colindex="1" class="">Name</th>
        <th role="columnheader" scope="col" aria-colindex="2" class="">Cost</th>
        <th role="columnheader" scope="col" aria-colindex="3" class="">Description</th>
      </tr>
    </thead>
    <tbody role="rowgroup">
      <!---->
      <tr role="row" class="">
        <td aria-colindex="1" role="cell" class="">Top&nbsp;Hat&nbsp;(6″)</td>
        <td aria-colindex="2" role="cell" class="">39.95</td>
        <td aria-colindex="3" role="cell" class="">Made from 100% Wool and nice</td>
      </tr>
      <!---->
      <!---->
    </tbody>
    <!---->
  </table> <button type="button" class="btn btn-primary btn-lg"><i icon="shopping-basket"></i> &nbsp; CHECKOUT
  </button>
  &nbsp;
  <button type="button" class="btn float-right btn-warning btn-lg"><i icon="trash-alt"></i> &nbsp; EMPTY CART
  </button>
</div>
`;
