// Jest Snapshot v1, https://goo.gl/fbAQLP

exports[`Cart.vue renders cart contents 1`] = `
<div>
  <h1>
    <fa icon="shopping-cart"></fa> &nbsp; Shopping Cart
  </h1> <br>
  <!---->
  <!---->
  <!---->
  <!---->
  <div>
    <h2>Cart total: £91.10 </h2>
    <div class="card m-3 p-1">
      <!---->
      <div class="card-header bg-primary text-white"><span>Top&nbsp;Hat&nbsp;(6″)</span></div>
      <div class="card-body">
        <!---->
        <!---->
        <h2>Count:</h2> <input type="text" readonly="readonly"> <button type="button" class="btn ml-5 mr-3 btn-warning btn-lg">
          <fa icon="minus-circle"></fa>
        </button> <button type="button" class="btn btn-success btn-lg">
          <fa icon="plus-circle"></fa>
        </button> <img src="/img/catalog/1.jpg" class="thumb">
      </div>
      <!---->
      <!---->
    </div>
    <div class="card m-3 p-1">
      <!---->
      <div class="card-header bg-primary text-white"><span>Paisley Cravat Ascot Tie</span></div>
      <div class="card-body">
        <!---->
        <!---->
        <h2>Count:</h2> <input type="text" readonly="readonly"> <button type="button" class="btn ml-5 mr-3 btn-warning btn-lg">
          <fa icon="minus-circle"></fa>
        </button> <button type="button" class="btn btn-success btn-lg">
          <fa icon="plus-circle"></fa>
        </button> <img src="/img/catalog/3.jpg" class="thumb">
      </div>
      <!---->
      <!---->
    </div>
  </div> <button type="button" class="btn btn-primary btn-lg">
    <fa icon="shopping-basket"></fa> &nbsp; CHECKOUT
  </button>
  &nbsp;
  <button type="button" class="btn float-right btn-warning btn-lg">
    <fa icon="trash-alt"></fa> &nbsp; EMPTY CART
  </button>
</div>
`;
