// Jest Snapshot v1, https://goo.gl/fbAQLP

exports[`ProductList.vue renders product list 1`] = `
<div>
  <!---->
  <div class="card">
    <!---->
    <!---->
    <div class="card-body">
      <!---->
      <!---->
      <div class="row">
        <div class="col"><a href="#/product/1" class="" target="_self">
            <h4 class="card-title">
              Top&nbsp;Hat&nbsp;(6″)
            </h4>
          </a>
          <p class="card-text">
          <h4>Made from 100% Wool and nice</h4>

          £39.95
          </p> <a role="button" aria-disabled="true" tabindex="-1" target="_self" href="#" class="btn d-none d-md-inline disabled btn-primary disabled"><i icon="shopping-cart"></i>
            &nbsp; Add to Cart
          </a>
        </div>
        <div class="flex-grow-0 d-none d-md-block col">
          <div class="product-img"><a href="#/product/1" class="" target="_self"><img src="/img/catalog/1.jpg"></a></div>
        </div>
      </div>
    </div>
    <!---->
    <!---->
  </div>
  <div class="card">
    <!---->
    <!---->
    <div class="card-body">
      <!---->
      <!---->
      <div class="row">
        <div class="col"><a href="#/product/2" class="" target="_self">
            <h4 class="card-title">
              Black &amp; Gold Tie Set
            </h4>
          </a>
          <p class="card-text">
          <h4>100% hand made silk includes tie, pocket square and cufflinks</h4>

          £18
          </p> <a role="button" aria-disabled="true" tabindex="-1" target="_self" href="#" class="btn d-none d-md-inline disabled btn-primary disabled"><i icon="shopping-cart"></i>
            &nbsp; Add to Cart
          </a>
        </div>
        <div class="flex-grow-0 d-none d-md-block col">
          <div class="product-img"><a href="#/product/2" class="" target="_self"><img src="/img/catalog/2.jpg"></a></div>
        </div>
      </div>
    </div>
    <!---->
    <!---->
  </div>
  <div class="card">
    <!---->
    <!---->
    <div class="card-body">
      <!---->
      <!---->
      <div class="row">
        <div class="col"><a href="#/product/3" class="" target="_self">
            <h4 class="card-title">
              Paisley Cravat Ascot Tie
            </h4>
          </a>
          <p class="card-text">
          <h4>Black &amp; Red Paisley Cravat</h4>

          £11.2
          </p> <a role="button" aria-disabled="true" tabindex="-1" target="_self" href="#" class="btn d-none d-md-inline disabled btn-primary disabled"><i icon="shopping-cart"></i>
            &nbsp; Add to Cart
          </a>
        </div>
        <div class="flex-grow-0 d-none d-md-block col">
          <div class="product-img"><a href="#/product/3" class="" target="_self"><img src="/img/catalog/6.jpg"></a></div>
        </div>
      </div>
    </div>
    <!---->
    <!---->
  </div>
</div>
`;
