// Jest Snapshot v1, https://goo.gl/fbAQLP

exports[`ProductOffers.vue renders error messages 1`] = `
<div>
  <h1>On Sale</h1>
  <div role="alert" aria-live="polite" aria-atomic="true" class="alert alert-warning">
    <!---->
    <h4>There was a problem 😥</h4>
    <div class="errmsg">
      Bad thing
    </div>
  </div>
  <!---->
</div>
`;

exports[`ProductOffers.vue renders products on offer 1`] = `
<div>
  <h1>On Sale</h1>
  <!---->
  <div>
    <!---->
    <div class="card">
      <!---->
      <!---->
      <div class="card-body">
        <!---->
        <!---->
        <div class="row">
          <div class="col"><a target="_self" href="/product/2" class="">
              <h4 class="card-title">
                Black &amp; Gold Tie Set
              </h4>
            </a>
            <p class="card-text">
            <h4>100% hand made silk includes tie, pocket square and cufflinks</h4>

            £18
            </p> <a role="button" aria-disabled="true" tabindex="-1" target="_self" href="#" class="btn d-none d-md-inline disabled btn-primary disabled"><i icon="shopping-cart"></i>
              &nbsp; Add to Cart
            </a>
          </div>
          <div class="flex-grow-0 d-none d-md-block col">
            <div class="product-img"><a target="_self" href="/product/2" class=""><img src="/img/catalog/2.jpg"></a></div>
          </div>
        </div>
      </div>
      <!---->
      <!---->
    </div>
  </div>
</div>
`;
