// Jest Snapshot v1, https://goo.gl/fbAQLP

exports[`ProductSingle.vue renders product details 1`] = `
<div>
  <h1>
    View Order Status
    <button type="button" class="btn float-right btn-success btn-lg">
      <fa icon="redo-alt"></fa> &nbsp; Refresh
    </button></h1>
  <!---->
  <div class="text-center"><span aria-hidden="true" class="spinner-border text-success" style="width: 5rem; height: 5rem;"><!----></span></div>
  <!---->
</div>
`;
